<testsuites name="jest tests" tests="6" failures="6" time="1.702">
  <testsuite name="Hacker Dormitory" errors="0" failures="6" skipped="0" timestamp="2021-08-15T22:32:32" time="1.702" tests="6">
    <testcase classname="Hacker Dormitory should add valid students in Residents list" name="Hacker Dormitory should add valid students in Residents list" time="0.061">
      <failure>Error: Unable to find an element by: [data-testid=&quot;residentsNameList&quot;]

&lt;body&gt;
  &lt;div&gt;
    &lt;div
      class=&quot;App&quot;
    &gt;
      &lt;h2
        style=&quot;background-color: black; color: green; text-align: center;&quot;
      &gt;
        Hacker Dormitory
      &lt;/h2&gt;
      &lt;div&gt;
        &lt;div&gt;
          &lt;label
            for=&quot;studentName&quot;
          &gt;
            Student Name:
            &lt;div&gt;
              &lt;input
                data-testid=&quot;studentName&quot;
                id=&quot;studentName&quot;
                type=&quot;text&quot;
              /&gt;
            &lt;/div&gt;
          &lt;/label&gt;
          &lt;label
            for=&quot;joiningDate&quot;
          &gt;
            Joining Date:
            &lt;div&gt;
              &lt;input
                data-testid=&quot;joiningDate&quot;
                id=&quot;joiningDate&quot;
                type=&quot;date&quot;
              /&gt;
            &lt;/div&gt;
          &lt;/label&gt;
          &lt;button
            data-testid=&quot;addBtn&quot;
            style=&quot;background-color: green;&quot;
            type=&quot;button&quot;
          &gt;
            Add
          &lt;/button&gt;
          &lt;div /&gt;
          &lt;div /&gt;
          &lt;br /&gt;
          &lt;br /&gt;
          &lt;div
            style=&quot;text-align: center; font-weight: 50px;&quot;
          &gt;
            Residents List
          &lt;/div&gt;
          &lt;div /&gt;
        &lt;/div&gt;
      &lt;/div&gt;
    &lt;/div&gt;
  &lt;/div&gt;
&lt;/body&gt;
    at getElementError (/projects/challenge/node_modules/@testing-library/dom/dist/query-helpers.js:46:10)
    at args (/projects/challenge/node_modules/@testing-library/dom/dist/query-helpers.js:100:13)
    at getByTestId (/projects/challenge/node_modules/@testing-library/dom/dist/query-helpers.js:83:17)
    at Object.beforeEach (/projects/challenge/src/App.test.js:28:12)
    at Object.asyncJestLifecycle (/projects/challenge/node_modules/jest-jasmine2/build/jasmineAsyncInstall.js:53:37)
    at resolve (/projects/challenge/node_modules/jest-jasmine2/build/queueRunner.js:43:12)
    at new Promise (&lt;anonymous&gt;)
    at mapper (/projects/challenge/node_modules/jest-jasmine2/build/queueRunner.js:26:19)
    at promise.then (/projects/challenge/node_modules/jest-jasmine2/build/queueRunner.js:73:41)
    at &lt;anonymous&gt;
    at process._tickCallback (internal/process/next_tick.js:189:7)</failure>
      <failure>TypeError: Cannot read property &apos;children&apos; of undefined
    at Object.it (/projects/challenge/src/App.test.js:39:17)
    at Object.asyncJestTest (/projects/challenge/node_modules/jest-jasmine2/build/jasmineAsyncInstall.js:102:37)
    at resolve (/projects/challenge/node_modules/jest-jasmine2/build/queueRunner.js:43:12)
    at new Promise (&lt;anonymous&gt;)
    at mapper (/projects/challenge/node_modules/jest-jasmine2/build/queueRunner.js:26:19)
    at promise.then (/projects/challenge/node_modules/jest-jasmine2/build/queueRunner.js:73:41)
    at &lt;anonymous&gt;
    at process._tickCallback (internal/process/next_tick.js:189:7)</failure>
    </testcase>
    <testcase classname="Hacker Dormitory should add valid students without case sensitivity" name="Hacker Dormitory should add valid students without case sensitivity" time="0.011">
      <failure>Error: Unable to find an element by: [data-testid=&quot;residentsNameList&quot;]

&lt;body&gt;
  &lt;div&gt;
    &lt;div
      class=&quot;App&quot;
    &gt;
      &lt;h2
        style=&quot;background-color: black; color: green; text-align: center;&quot;
      &gt;
        Hacker Dormitory
      &lt;/h2&gt;
      &lt;div&gt;
        &lt;div&gt;
          &lt;label
            for=&quot;studentName&quot;
          &gt;
            Student Name:
            &lt;div&gt;
              &lt;input
                data-testid=&quot;studentName&quot;
                id=&quot;studentName&quot;
                type=&quot;text&quot;
              /&gt;
            &lt;/div&gt;
          &lt;/label&gt;
          &lt;label
            for=&quot;joiningDate&quot;
          &gt;
            Joining Date:
            &lt;div&gt;
              &lt;input
                data-testid=&quot;joiningDate&quot;
                id=&quot;joiningDate&quot;
                type=&quot;date&quot;
              /&gt;
            &lt;/div&gt;
          &lt;/label&gt;
          &lt;button
            data-testid=&quot;addBtn&quot;
            style=&quot;background-color: green;&quot;
            type=&quot;button&quot;
          &gt;
            Add
          &lt;/button&gt;
          &lt;div /&gt;
          &lt;div /&gt;
          &lt;br /&gt;
          &lt;br /&gt;
          &lt;div
            style=&quot;text-align: center; font-weight: 50px;&quot;
          &gt;
            Residents List
          &lt;/div&gt;
          &lt;div /&gt;
        &lt;/div&gt;
      &lt;/div&gt;
    &lt;/div&gt;
  &lt;/div&gt;
&lt;/body&gt;
    at getElementError (/projects/challenge/node_modules/@testing-library/dom/dist/query-helpers.js:46:10)
    at args (/projects/challenge/node_modules/@testing-library/dom/dist/query-helpers.js:100:13)
    at getByTestId (/projects/challenge/node_modules/@testing-library/dom/dist/query-helpers.js:83:17)
    at Object.beforeEach (/projects/challenge/src/App.test.js:28:12)
    at Object.asyncJestLifecycle (/projects/challenge/node_modules/jest-jasmine2/build/jasmineAsyncInstall.js:53:37)
    at resolve (/projects/challenge/node_modules/jest-jasmine2/build/queueRunner.js:43:12)
    at new Promise (&lt;anonymous&gt;)
    at mapper (/projects/challenge/node_modules/jest-jasmine2/build/queueRunner.js:26:19)
    at promise.then (/projects/challenge/node_modules/jest-jasmine2/build/queueRunner.js:73:41)
    at &lt;anonymous&gt;
    at process._tickCallback (internal/process/next_tick.js:189:7)</failure>
      <failure>TypeError: Cannot read property &apos;children&apos; of undefined
    at Object.it (/projects/challenge/src/App.test.js:53:17)
    at Object.asyncJestTest (/projects/challenge/node_modules/jest-jasmine2/build/jasmineAsyncInstall.js:102:37)
    at resolve (/projects/challenge/node_modules/jest-jasmine2/build/queueRunner.js:43:12)
    at new Promise (&lt;anonymous&gt;)
    at mapper (/projects/challenge/node_modules/jest-jasmine2/build/queueRunner.js:26:19)
    at promise.then (/projects/challenge/node_modules/jest-jasmine2/build/queueRunner.js:73:41)
    at &lt;anonymous&gt;
    at process._tickCallback (internal/process/next_tick.js:189:7)</failure>
    </testcase>
    <testcase classname="Hacker Dormitory should clear the input fields after adding a new student" name="Hacker Dormitory should clear the input fields after adding a new student" time="0.014">
      <failure>Error: Unable to find an element by: [data-testid=&quot;residentsNameList&quot;]

&lt;body&gt;
  &lt;div&gt;
    &lt;div
      class=&quot;App&quot;
    &gt;
      &lt;h2
        style=&quot;background-color: black; color: green; text-align: center;&quot;
      &gt;
        Hacker Dormitory
      &lt;/h2&gt;
      &lt;div&gt;
        &lt;div&gt;
          &lt;label
            for=&quot;studentName&quot;
          &gt;
            Student Name:
            &lt;div&gt;
              &lt;input
                data-testid=&quot;studentName&quot;
                id=&quot;studentName&quot;
                type=&quot;text&quot;
              /&gt;
            &lt;/div&gt;
          &lt;/label&gt;
          &lt;label
            for=&quot;joiningDate&quot;
          &gt;
            Joining Date:
            &lt;div&gt;
              &lt;input
                data-testid=&quot;joiningDate&quot;
                id=&quot;joiningDate&quot;
                type=&quot;date&quot;
              /&gt;
            &lt;/div&gt;
          &lt;/label&gt;
          &lt;button
            data-testid=&quot;addBtn&quot;
            style=&quot;background-color: green;&quot;
            type=&quot;button&quot;
          &gt;
            Add
          &lt;/button&gt;
          &lt;div /&gt;
          &lt;div /&gt;
          &lt;br /&gt;
          &lt;br /&gt;
          &lt;div
            style=&quot;text-align: center; font-weight: 50px;&quot;
          &gt;
            Residents List
          &lt;/div&gt;
          &lt;div /&gt;
        &lt;/div&gt;
      &lt;/div&gt;
    &lt;/div&gt;
  &lt;/div&gt;
&lt;/body&gt;
    at getElementError (/projects/challenge/node_modules/@testing-library/dom/dist/query-helpers.js:46:10)
    at args (/projects/challenge/node_modules/@testing-library/dom/dist/query-helpers.js:100:13)
    at getByTestId (/projects/challenge/node_modules/@testing-library/dom/dist/query-helpers.js:83:17)
    at Object.beforeEach (/projects/challenge/src/App.test.js:28:12)
    at Object.asyncJestLifecycle (/projects/challenge/node_modules/jest-jasmine2/build/jasmineAsyncInstall.js:53:37)
    at resolve (/projects/challenge/node_modules/jest-jasmine2/build/queueRunner.js:43:12)
    at new Promise (&lt;anonymous&gt;)
    at mapper (/projects/challenge/node_modules/jest-jasmine2/build/queueRunner.js:26:19)
    at promise.then (/projects/challenge/node_modules/jest-jasmine2/build/queueRunner.js:73:41)
    at &lt;anonymous&gt;
    at process._tickCallback (internal/process/next_tick.js:189:7)</failure>
      <failure>Error: expect(received).toEqual(expected) // deep equality

Expected: &quot;&quot;
Received: &quot;Adam&quot;
    at Object.it (/projects/challenge/src/App.test.js:60:28)
    at Object.asyncJestTest (/projects/challenge/node_modules/jest-jasmine2/build/jasmineAsyncInstall.js:102:37)
    at resolve (/projects/challenge/node_modules/jest-jasmine2/build/queueRunner.js:43:12)
    at new Promise (&lt;anonymous&gt;)
    at mapper (/projects/challenge/node_modules/jest-jasmine2/build/queueRunner.js:26:19)
    at promise.then (/projects/challenge/node_modules/jest-jasmine2/build/queueRunner.js:73:41)
    at &lt;anonymous&gt;
    at process._tickCallback (internal/process/next_tick.js:189:7)</failure>
    </testcase>
    <testcase classname="Hacker Dormitory should show error on trying to add a student who is not in the list" name="Hacker Dormitory should show error on trying to add a student who is not in the list" time="0.014">
      <failure>Error: Unable to find an element by: [data-testid=&quot;residentsNameList&quot;]

&lt;body&gt;
  &lt;div&gt;
    &lt;div
      class=&quot;App&quot;
    &gt;
      &lt;h2
        style=&quot;background-color: black; color: green; text-align: center;&quot;
      &gt;
        Hacker Dormitory
      &lt;/h2&gt;
      &lt;div&gt;
        &lt;div&gt;
          &lt;label
            for=&quot;studentName&quot;
          &gt;
            Student Name:
            &lt;div&gt;
              &lt;input
                data-testid=&quot;studentName&quot;
                id=&quot;studentName&quot;
                type=&quot;text&quot;
              /&gt;
            &lt;/div&gt;
          &lt;/label&gt;
          &lt;label
            for=&quot;joiningDate&quot;
          &gt;
            Joining Date:
            &lt;div&gt;
              &lt;input
                data-testid=&quot;joiningDate&quot;
                id=&quot;joiningDate&quot;
                type=&quot;date&quot;
              /&gt;
            &lt;/div&gt;
          &lt;/label&gt;
          &lt;button
            data-testid=&quot;addBtn&quot;
            style=&quot;background-color: green;&quot;
            type=&quot;button&quot;
          &gt;
            Add
          &lt;/button&gt;
          &lt;div /&gt;
          &lt;div /&gt;
          &lt;br /&gt;
          &lt;br /&gt;
          &lt;div
            style=&quot;text-align: center; font-weight: 50px;&quot;
          &gt;
            Residents List
          &lt;/div&gt;
          &lt;div /&gt;
        &lt;/div&gt;
      &lt;/div&gt;
    &lt;/div&gt;
  &lt;/div&gt;
&lt;/body&gt;
    at getElementError (/projects/challenge/node_modules/@testing-library/dom/dist/query-helpers.js:46:10)
    at args (/projects/challenge/node_modules/@testing-library/dom/dist/query-helpers.js:100:13)
    at getByTestId (/projects/challenge/node_modules/@testing-library/dom/dist/query-helpers.js:83:17)
    at Object.beforeEach (/projects/challenge/src/App.test.js:28:12)
    at Object.asyncJestLifecycle (/projects/challenge/node_modules/jest-jasmine2/build/jasmineAsyncInstall.js:53:37)
    at resolve (/projects/challenge/node_modules/jest-jasmine2/build/queueRunner.js:43:12)
    at new Promise (&lt;anonymous&gt;)
    at mapper (/projects/challenge/node_modules/jest-jasmine2/build/queueRunner.js:26:19)
    at promise.then (/projects/challenge/node_modules/jest-jasmine2/build/queueRunner.js:73:41)
    at &lt;anonymous&gt;
    at process._tickCallback (internal/process/next_tick.js:189:7)</failure>
      <failure>Error: expect(received).toEqual(expected) // deep equality

Expected: &quot;Sorry, Anderson is not a verified student!&quot;
Received: &quot;, is not a verified student&quot;
    at Object.it (/projects/challenge/src/App.test.js:69:31)
    at Object.asyncJestTest (/projects/challenge/node_modules/jest-jasmine2/build/jasmineAsyncInstall.js:102:37)
    at resolve (/projects/challenge/node_modules/jest-jasmine2/build/queueRunner.js:43:12)
    at new Promise (&lt;anonymous&gt;)
    at mapper (/projects/challenge/node_modules/jest-jasmine2/build/queueRunner.js:26:19)
    at promise.then (/projects/challenge/node_modules/jest-jasmine2/build/queueRunner.js:73:41)
    at &lt;anonymous&gt;
    at process._tickCallback (internal/process/next_tick.js:189:7)</failure>
    </testcase>
    <testcase classname="Hacker Dormitory should show error on trying to add a student whose validity has expired" name="Hacker Dormitory should show error on trying to add a student whose validity has expired" time="0.011">
      <failure>Error: Unable to find an element by: [data-testid=&quot;residentsNameList&quot;]

&lt;body&gt;
  &lt;div&gt;
    &lt;div
      class=&quot;App&quot;
    &gt;
      &lt;h2
        style=&quot;background-color: black; color: green; text-align: center;&quot;
      &gt;
        Hacker Dormitory
      &lt;/h2&gt;
      &lt;div&gt;
        &lt;div&gt;
          &lt;label
            for=&quot;studentName&quot;
          &gt;
            Student Name:
            &lt;div&gt;
              &lt;input
                data-testid=&quot;studentName&quot;
                id=&quot;studentName&quot;
                type=&quot;text&quot;
              /&gt;
            &lt;/div&gt;
          &lt;/label&gt;
          &lt;label
            for=&quot;joiningDate&quot;
          &gt;
            Joining Date:
            &lt;div&gt;
              &lt;input
                data-testid=&quot;joiningDate&quot;
                id=&quot;joiningDate&quot;
                type=&quot;date&quot;
              /&gt;
            &lt;/div&gt;
          &lt;/label&gt;
          &lt;button
            data-testid=&quot;addBtn&quot;
            style=&quot;background-color: green;&quot;
            type=&quot;button&quot;
          &gt;
            Add
          &lt;/button&gt;
          &lt;div /&gt;
          &lt;div /&gt;
          &lt;br /&gt;
          &lt;br /&gt;
          &lt;div
            style=&quot;text-align: center; font-weight: 50px;&quot;
          &gt;
            Residents List
          &lt;/div&gt;
          &lt;div /&gt;
        &lt;/div&gt;
      &lt;/div&gt;
    &lt;/div&gt;
  &lt;/div&gt;
&lt;/body&gt;
    at getElementError (/projects/challenge/node_modules/@testing-library/dom/dist/query-helpers.js:46:10)
    at args (/projects/challenge/node_modules/@testing-library/dom/dist/query-helpers.js:100:13)
    at getByTestId (/projects/challenge/node_modules/@testing-library/dom/dist/query-helpers.js:83:17)
    at Object.beforeEach (/projects/challenge/src/App.test.js:28:12)
    at Object.asyncJestLifecycle (/projects/challenge/node_modules/jest-jasmine2/build/jasmineAsyncInstall.js:53:37)
    at resolve (/projects/challenge/node_modules/jest-jasmine2/build/queueRunner.js:43:12)
    at new Promise (&lt;anonymous&gt;)
    at mapper (/projects/challenge/node_modules/jest-jasmine2/build/queueRunner.js:26:19)
    at promise.then (/projects/challenge/node_modules/jest-jasmine2/build/queueRunner.js:73:41)
    at &lt;anonymous&gt;
    at process._tickCallback (internal/process/next_tick.js:189:7)</failure>
      <failure>Error: expect(received).toEqual(expected) // deep equality

Expected: &quot;Sorry, Bonnie&apos;s validity has Expired!&quot;
Received: &quot;sorry,  validity has expired&quot;
    at Object.it (/projects/challenge/src/App.test.js:83:31)
    at Object.asyncJestTest (/projects/challenge/node_modules/jest-jasmine2/build/jasmineAsyncInstall.js:102:37)
    at resolve (/projects/challenge/node_modules/jest-jasmine2/build/queueRunner.js:43:12)
    at new Promise (&lt;anonymous&gt;)
    at mapper (/projects/challenge/node_modules/jest-jasmine2/build/queueRunner.js:26:19)
    at promise.then (/projects/challenge/node_modules/jest-jasmine2/build/queueRunner.js:73:41)
    at &lt;anonymous&gt;
    at process._tickCallback (internal/process/next_tick.js:189:7)</failure>
    </testcase>
    <testcase classname="Hacker Dormitory should hold the correct list and error message after series of Students addition" name="Hacker Dormitory should hold the correct list and error message after series of Students addition" time="0.017">
      <failure>Error: Unable to find an element by: [data-testid=&quot;residentsNameList&quot;]

&lt;body&gt;
  &lt;div&gt;
    &lt;div
      class=&quot;App&quot;
    &gt;
      &lt;h2
        style=&quot;background-color: black; color: green; text-align: center;&quot;
      &gt;
        Hacker Dormitory
      &lt;/h2&gt;
      &lt;div&gt;
        &lt;div&gt;
          &lt;label
            for=&quot;studentName&quot;
          &gt;
            Student Name:
            &lt;div&gt;
              &lt;input
                data-testid=&quot;studentName&quot;
                id=&quot;studentName&quot;
                type=&quot;text&quot;
              /&gt;
            &lt;/div&gt;
          &lt;/label&gt;
          &lt;label
            for=&quot;joiningDate&quot;
          &gt;
            Joining Date:
            &lt;div&gt;
              &lt;input
                data-testid=&quot;joiningDate&quot;
                id=&quot;joiningDate&quot;
                type=&quot;date&quot;
              /&gt;
            &lt;/div&gt;
          &lt;/label&gt;
          &lt;button
            data-testid=&quot;addBtn&quot;
            style=&quot;background-color: green;&quot;
            type=&quot;button&quot;
          &gt;
            Add
          &lt;/button&gt;
          &lt;div /&gt;
          &lt;div /&gt;
          &lt;br /&gt;
          &lt;br /&gt;
          &lt;div
            style=&quot;text-align: center; font-weight: 50px;&quot;
          &gt;
            Residents List
          &lt;/div&gt;
          &lt;div /&gt;
        &lt;/div&gt;
      &lt;/div&gt;
    &lt;/div&gt;
  &lt;/div&gt;
&lt;/body&gt;
    at getElementError (/projects/challenge/node_modules/@testing-library/dom/dist/query-helpers.js:46:10)
    at args (/projects/challenge/node_modules/@testing-library/dom/dist/query-helpers.js:100:13)
    at getByTestId (/projects/challenge/node_modules/@testing-library/dom/dist/query-helpers.js:83:17)
    at Object.beforeEach (/projects/challenge/src/App.test.js:28:12)
    at Object.asyncJestLifecycle (/projects/challenge/node_modules/jest-jasmine2/build/jasmineAsyncInstall.js:53:37)
    at resolve (/projects/challenge/node_modules/jest-jasmine2/build/queueRunner.js:43:12)
    at new Promise (&lt;anonymous&gt;)
    at mapper (/projects/challenge/node_modules/jest-jasmine2/build/queueRunner.js:26:19)
    at promise.then (/projects/challenge/node_modules/jest-jasmine2/build/queueRunner.js:73:41)
    at &lt;anonymous&gt;
    at process._tickCallback (internal/process/next_tick.js:189:7)</failure>
      <failure>Error: expect(received).toEqual(expected) // deep equality

Expected: &quot;Sorry, Talisk&apos;s validity has Expired!&quot;
Received: &quot;sorry,  validity has expired&quot;
    at Object.it (/projects/challenge/src/App.test.js:101:31)
    at Object.asyncJestTest (/projects/challenge/node_modules/jest-jasmine2/build/jasmineAsyncInstall.js:102:37)
    at resolve (/projects/challenge/node_modules/jest-jasmine2/build/queueRunner.js:43:12)
    at new Promise (&lt;anonymous&gt;)
    at mapper (/projects/challenge/node_modules/jest-jasmine2/build/queueRunner.js:26:19)
    at promise.then (/projects/challenge/node_modules/jest-jasmine2/build/queueRunner.js:73:41)
    at &lt;anonymous&gt;
    at process._tickCallback (internal/process/next_tick.js:189:7)</failure>
    </testcase>
  </testsuite>
</testsuites>